com\framework\common\ResultJson.class
com\projectm\task\controller\TaskController$3.class
com\projectm\project\domain\Collection.class
com\framework\common\exception\user\UserPasswordNotMatchException.class
com\projectm\task\service\TaskWorkflowRuleServiceImpl.class
com\projectm\project\controller\ProjectController$1.class
com\projectm\project\domain\Collection$CollectionBuilder.class
com\projectm\org\domain\Organization$OrganizationBuilder.class
com\projectm\org\service\DepartmentMemberService.class
com\framework\common\core\lang\UUID.class
com\framework\common\constant\Constants.class
com\projectm\task\service\FileService$1.class
com\projectm\org\mapper\OrganizationMapper.class
com\framework\security\JwtUserServiceImpl.class
com\projectm\project\domain\ProjectInfo$ProjectInfoBuilder.class
com\projectm\project\service\ProjectMenuService$2.class
com\projectm\common\Constant.class
com\framework\common\utils\ip\AddressUtils.class
com\projectm\domain\BaseDomain.class
com\projectm\project\service\ProjectVersionLogService.class
com\projectm\project\service\ProjectFeaturesService.class
com\projectm\task\domain\TaskStage.class
com\projectm\task\mapper\TaskToTagMapper.class
com\projectm\project\mapper\ProjectNodeMapper.class
com\projectm\project\controller\NodeController.class
com\projectm\org\controller\OrgController.class
com\framework\common\utils\reflect\ReflectUtils.class
com\projectm\project\service\ProjectVersionService.class
com\projectm\config\WebSocketServer$1.class
com\framework\security\config\WebSecurityConfig.class
com\projectm\task\service\TaskService$1.class
com\framework\common\xss\XssFilter.class
com\framework\security\util\RedisCache.class
com\projectm\member\domain\ProjectMember$ProjectMemberBuilder.class
com\projectm\org\service\OrganizationService.class
com\projectm\project\domain\ProjectNode.class
com\projectm\vo\MemberVo$MemberVoBuilder.class
com\projectm\task\service\TaskService$7.class
com\framework\common\exception\UtilException.class
com\projectm\task\service\TaskMemberService$1.class
com\framework\common\utils\MessageUtils.class
com\projectm\config\WebSocketServer$3$1.class
com\framework\security\handler\MyAccessDecisionManager.class
com\framework\security\util\UserUtil.class
com\projectm\common\DateUtil.class
com\framework\utils\Convert.class
com\projectm\org\mapper\DepartmentMemberMapper.class
com\projectm\project\service\ProjectVersionService$1.class
com\projectm\common\NodeUtils$1.class
com\framework\common\utils\security\Md5Utils.class
com\framework\common\utils\LogUtils.class
com\framework\utils\StrFormatter.class
com\projectm\project\domain\ProjectVersionLog$ProjectVersionLogBuilder.class
com\framework\common\utils\ip\IpUtils.class
com\projectm\member\service\ProjectMemberService$1.class
com\projectm\project\service\ProjectCollectionService.class
com\framework\common\utils\StringUtils.class
com\framework\security\handler\MyLogoutSuccessHandler.class
com\projectm\APPLauncher.class
com\projectm\project\service\ProjectReportService.class
com\projectm\member\mapper\MemberMapper.class
com\projectm\task\service\TaskService$6.class
com\framework\utils\StringUtils.class
com\projectm\task\controller\TaskController$4.class
com\projectm\member\mapper\ProjectMemberMapper.class
com\projectm\project\service\ProjectAuthNodeService.class
com\projectm\project\service\ProjectMenuService.class
com\projectm\task\mapper\TaskLikeMapper.class
com\projectm\project\mapper\ProjectInfoMapper.class
com\projectm\project\mapper\ProjectVersionMapper.class
com\projectm\common\Convert.class
com\projectm\config\ServerConfig.class
com\projectm\project\domain\InviteLink.class
com\projectm\project\domain\ProjectCollection.class
com\projectm\org\domain\Organization.class
com\projectm\project\mapper\ProjectCollectionMapper.class
com\projectm\task\service\TaskService.class
com\framework\security\util\TokenUtil.class
com\projectm\login\entity\LoginUser.class
com\framework\security\handler\JwtAuthenticationEntryPoint.class
com\projectm\project\domain\SourceLink.class
com\projectm\system\domain\SystemConfig.class
com\projectm\common\Constant$1.class
com\projectm\project\controller\ProjectController.class
com\projectm\task\service\TaskService$5.class
com\projectm\project\domain\ProjectNode$ProjectNodeBuilder.class
com\framework\security\config\WebSecurityConfig$1.class
com\projectm\login\controller\LoginController.class
com\projectm\common\DateUtils.class
com\projectm\common\ExcelUtils.class
com\projectm\common\BeanMapUtils.class
com\projectm\project\mapper\ProjectReportMapper.class
com\projectm\project\controller\ProjectAssistController$1.class
com\projectm\member\domain\ProjectMember.class
com\framework\common\AjaxResult$Type.class
com\projectm\task\mapper\TaskWorkTimeMapper.class
com\projectm\config\WebConfig.class
com\framework\common\utils\http\HttpUtils.class
com\projectm\project\domain\ProjectMenu.class
com\projectm\config\ServerConfig$1.class
com\projectm\task\domain\Task.class
com\framework\common\enums\HttpMethod.class
com\projectm\project\service\SourceLinkService.class
com\projectm\project\service\ProjectTemplateService.class
com\projectm\system\service\NotifyService.class
com\projectm\config\WebSocketServer.class
com\projectm\org\domain\DepartmentMember$DepartmentMemberBuilder.class
com\framework\utils\CharsetKit.class
com\projectm\org\domain\Department$DepartmentBuilder.class
com\projectm\task\controller\TaskFileController.class
com\projectm\task\controller\TaskStageController.class
com\projectm\task\domain\TaskToTag$TaskToTagBuilder.class
com\projectm\project\domain\ProjectFeatures.class
com\projectm\project\domain\Project.class
com\projectm\system\domain\Notify.class
com\framework\common\exception\BaseException.class
com\projectm\system\mapper\SystemConfigMapper.class
com\projectm\config\WebSocketServer$1$1.class
com\projectm\project\domain\ProjectAuthNode$ProjectAuthNodeBuilder.class
com\projectm\task\service\TaskStageService.class
com\projectm\login\service\LoginService$1.class
com\projectm\project\service\ProjectService$3.class
com\projectm\project\service\ProjectMenuService$1.class
com\projectm\project\service\ProjectNodeService.class
com\framework\common\exception\file\InvalidExtensionException$InvalidImageExtensionException.class
com\projectm\config\MybatisPlusConfig.class
com\projectm\member\domain\MemberAccount$MemberAccountBuilder.class
com\projectm\org\mapper\DepartmentMapper.class
com\projectm\task\controller\TaskController.class
com\projectm\project\mapper\ProjectMenuMapper.class
com\framework\common\exception\user\CaptchaException.class
com\projectm\project\controller\CommonController.class
com\projectm\project\service\ProjectInfoService.class
com\projectm\project\service\ProjectMenuService$3.class
com\framework\common\utils\file\MimeTypeUtils.class
com\projectm\project\domain\ProjectTemplate.class
com\projectm\project\controller\AuthorityControoler$1.class
com\projectm\member\controller\MemberController.class
com\projectm\task\service\TaskService$3.class
com\framework\common\core\text\StrFormatter.class
com\framework\common\exception\file\FileNameLengthLimitExceededException.class
com\framework\common\utils\ServletUtils.class
com\framework\common\utils\html\EscapeUtil.class
com\projectm\task\service\TaskMemberService.class
com\projectm\org\mapper\OrgMapper.class
com\framework\common\utils\AesEncryptUtil.class
com\projectm\task\service\FileService.class
com\projectm\project\domain\ProjectAuthNode.class
com\projectm\system\controller\NotifyController.class
com\projectm\task\domain\Task$TaskBuilder.class
com\projectm\task\service\ScheduleTask.class
com\projectm\project\domain\ProjectAuth$ProjectAuthBuilder.class
com\projectm\project\domain\Project$ProjectBuilder.class
com\projectm\common\ListUtils.class
com\projectm\project\mapper\ProjectAuthNodeMapper.class
com\framework\common\exception\DemoModeException.class
com\projectm\org\domain\Department.class
com\projectm\project\mapper\ProjectVersionLogMapper.class
com\projectm\system\domain\Notify$NotifyBuilder.class
com\projectm\task\service\TaskWorkTimeService.class
com\projectm\common\NodeUtils.class
com\projectm\task\service\TaskService$2.class
com\projectm\common\IOUtils.class
com\projectm\project\service\ProjectAuthService.class
com\projectm\task\mapper\TaskStagesTempleteMapper.class
com\projectm\member\service\MemberService.class
com\projectm\task\service\TaskLikeService.class
com\projectm\task\mapper\TaskTagMapper.class
com\projectm\project\service\ProjectService$2.class
com\projectm\common\MenuUtils.class
com\projectm\member\service\MemberAccountService.class
com\projectm\project\service\ProjectVersionService$3.class
com\projectm\project\mapper\ProjectMapper.class
com\projectm\project\mapper\SourceLinkMapper.class
com\projectm\web\IndexController.class
com\projectm\system\domain\SystemConfig$SystemConfigBuilder.class
com\projectm\config\CorsConfig.class
com\projectm\task\domain\TaskMember.class
com\framework\common\exception\file\FileSizeLimitExceededException.class
com\framework\common\utils\text\CharsetKit.class
com\framework\security\config\SpringFoxConfig.class
com\projectm\project\domain\SourceLink$SourceLinkBuilder.class
com\framework\common\enums\UserStatus.class
com\projectm\common\StrFormatter.class
com\projectm\task\service\TaskService$10.class
com\framework\common\ResultCode.class
com\projectm\config\UploadFilePathConfig.class
com\projectm\member\domain\Member.class
com\projectm\member\controller\MemberController$1.class
com\projectm\project\domain\ProjectVersion.class
com\projectm\task\service\TaskService$4.class
com\projectm\org\service\DepartmentService.class
com\projectm\config\WebSocketServer$4.class
com\projectm\mapper\CommMapper.class
com\projectm\task\domain\TaskLike$TaskLikeBuilder.class
com\projectm\project\controller\AuthorityControoler.class
com\projectm\project\controller\ProjectAssistController$2.class
com\projectm\project\controller\ProjectAssistController.class
com\projectm\project\domain\ProjectCollection$ProjectCollectionBuilder.class
com\projectm\APPServletInitializer.class
com\projectm\task\domain\TaskWorkTime.class
com\projectm\task\service\TaskStagesTempleteService.class
com\framework\common\constant\HttpStatus.class
com\projectm\web\BaseController.class
com\projectm\task\domain\File.class
com\framework\common\exception\file\InvalidExtensionException$InvalidFlashExtensionException.class
com\projectm\login\service\LoginService$1$1.class
com\projectm\task\domain\TaskMember$TaskMemberBuilder.class
com\framework\common\exception\user\UserException.class
com\framework\common\xss\XssHttpServletRequestWrapper.class
com\projectm\project\domain\ProjectAuth.class
com\framework\common\exception\CustomException.class
com\framework\common\exception\file\FileException.class
com\framework\common\utils\http\HttpUtils$TrustAnyHostnameVerifier.class
com\framework\security\config\RedisConfig.class
com\projectm\project\mapper\ProjectFeaturesMapper.class
com\projectm\task\domain\TaskWorkflowRule$TaskWorkflowRuleBuilder.class
com\framework\common\utils\Threads.class
com\projectm\project\service\ProjectVersionService$2.class
com\framework\common\core\text\Convert.class
com\projectm\task\service\TaskTagService.class
com\framework\common\core\lang\UUID$Holder.class
com\projectm\project\controller\ProjectAssistController$3.class
com\projectm\project\service\SourceLinkService$1.class
com\projectm\project\mapper\ProjectAuthMapper.class
com\framework\utils\FileUtils.class
com\projectm\config\WebSocketServer$3.class
com\projectm\common\CommUtils.class
com\projectm\project\domain\ProjectVersionLog.class
com\projectm\project\domain\ProjectReport$ProjectReportBuilder.class
com\projectm\project\service\ProjectService$1.class
com\projectm\org\service\OrgService.class
com\framework\common\utils\http\HttpUtils$1.class
com\projectm\config\WebSocketConfig.class
com\framework\common\xss\XssHttpServletRequestWrapper$1.class
com\framework\common\utils\sign\Base64.class
com\projectm\task\domain\TaskToTag.class
com\projectm\org\domain\DepartmentMember.class
com\projectm\project\domain\ProjectInfo.class
com\framework\utils\PinYinUtil.class
com\projectm\member\mapper\MemberAccountMapper.class
com\projectm\project\domain\ProjectLog.class
com\framework\common\utils\IdUtils.class
com\framework\common\utils\sql\SqlUtil.class
com\projectm\task\domain\TaskStagesTemplete$TaskStagesTempleteBuilder.class
com\framework\common\core\text\CharsetKit.class
com\projectm\project\service\ProjectAuthService$1.class
com\projectm\config\WebSocketServer$2.class
com\projectm\task\domain\TaskWorkflow.class
com\framework\common\AjaxResult.class
com\projectm\task\service\TaskMemberService$2.class
com\projectm\task\service\TaskService$8.class
com\projectm\system\service\SystemConfigService.class
com\framework\common\exception\file\InvalidExtensionException$InvalidMediaExtensionException.class
com\projectm\task\service\TaskWorkflowService.class
com\projectm\org\controller\OrgController$1.class
com\projectm\task\controller\TaskController$2.class
com\projectm\member\service\ProjectMemberService$2.class
com\projectm\task\domain\File$FileBuilder.class
com\projectm\project\service\InviteLinkService.class
com\projectm\task\domain\TaskTag$TaskTagBuilder.class
com\framework\common\utils\file\FileUtils.class
com\projectm\vo\MemberVo.class
com\projectm\org\service\DepartmentMemberService$1.class
com\projectm\task\mapper\TaskWorkflowMapper.class
com\projectm\config\CorsFilter.class
com\projectm\web\BaseController$1.class
com\projectm\common\CharsetKit.class
com\projectm\task\domain\TaskLike.class
com\projectm\member\domain\Member$MemberBuilder.class
com\projectm\project\service\CollectionService.class
com\projectm\project\mapper\ProjectTemplateMapper.class
com\framework\common\utils\text\Convert.class
com\projectm\task\mapper\TaskMemberMapper.class
com\projectm\task\domain\TaskTag.class
com\framework\common\utils\text\StrFormatter.class
com\projectm\member\domain\MemberAccount.class
com\projectm\task\service\TaskMemberService$4.class
com\framework\common\utils\DateUtils.class
com\projectm\project\service\ProjectService.class
com\projectm\task\controller\TaskController$1.class
com\projectm\task\service\TaskToTagService.class
com\projectm\task\mapper\TaskMapper.class
com\projectm\task\mapper\TaskWorkflowRuleMapper.class
com\framework\common\utils\http\HttpUtils$TrustAnyTrustManager.class
com\framework\common\utils\spring\SpringUtils.class
com\framework\common\utils\html\HTMLFilter.class
com\framework\common\utils\VerifyCodeUtils.class
com\projectm\project\domain\ProjectLog$ProjectLogBuilder.class
com\framework\common\exception\GlobalExceptionHandler.class
com\projectm\login\service\LoginService.class
com\projectm\project\service\ProjectLogService.class
com\projectm\task\domain\TaskStagesTemplete.class
com\projectm\member\service\ProjectMemberService.class
com\projectm\config\MProjectConfig.class
com\framework\security\handler\JwtAuthorizationFilter.class
com\projectm\project\mapper\InviteLinkMapper.class
com\projectm\task\domain\TaskStage$TaskStageBuilder.class
com\framework\common\exception\user\CaptchaExpireException.class
com\projectm\project\domain\ProjectReport.class
com\projectm\task\mapper\FileMapper.class
com\projectm\task\domain\TaskWorkflow$TaskWorkflowBuilder.class
com\projectm\task\service\TaskMemberService$3.class
com\framework\common\exception\file\InvalidExtensionException.class
com\framework\common\utils\Arith.class
com\projectm\task\service\TaskService$9.class
com\projectm\task\domain\TaskWorkflowRule.class
com\projectm\project\mapper\CollectionMapper.class
com\projectm\config\WebSocketServer$2$1.class
com\projectm\task\mapper\TaskStageMapper.class
com\projectm\system\mapper\NotifyMapper.class
com\projectm\project\mapper\ProjectLogMapper.class
