C:\Users\nouha\OneDrive\Desktop\PFE2\mk-teamwork-server\src\main\java\com\projectm\task\controller\TaskStageController.java
C:\Users\nouha\OneDrive\Desktop\PFE2\mk-teamwork-server\src\main\java\com\framework\common\utils\IdUtils.java
C:\Users\nouha\OneDrive\Desktop\PFE2\mk-teamwork-server\src\main\java\com\projectm\common\ExcelUtils.java
C:\Users\nouha\OneDrive\Desktop\PFE2\mk-teamwork-server\src\main\java\com\projectm\project\domain\ProjectAuthNode.java
C:\Users\nouha\OneDrive\Desktop\PFE2\mk-teamwork-server\src\main\java\com\projectm\config\CorsConfig.java
C:\Users\nouha\OneDrive\Desktop\PFE2\mk-teamwork-server\src\main\java\com\projectm\project\service\ProjectFeaturesService.java
C:\Users\nouha\OneDrive\Desktop\PFE2\mk-teamwork-server\src\main\java\com\projectm\task\domain\TaskMember.java
C:\Users\nouha\OneDrive\Desktop\PFE2\mk-teamwork-server\src\main\java\com\projectm\task\domain\TaskWorkflowRule.java
C:\Users\nouha\OneDrive\Desktop\PFE2\mk-teamwork-server\src\main\java\com\projectm\task\mapper\TaskWorkTimeMapper.java
C:\Users\nouha\OneDrive\Desktop\PFE2\mk-teamwork-server\src\main\java\com\projectm\project\domain\ProjectLog.java
C:\Users\nouha\OneDrive\Desktop\PFE2\mk-teamwork-server\src\main\java\com\framework\common\exception\BaseException.java
C:\Users\nouha\OneDrive\Desktop\PFE2\mk-teamwork-server\src\main\java\com\projectm\project\mapper\ProjectMapper.java
C:\Users\nouha\OneDrive\Desktop\PFE2\mk-teamwork-server\src\main\java\com\projectm\org\domain\Department.java
C:\Users\nouha\OneDrive\Desktop\PFE2\mk-teamwork-server\src\main\java\com\framework\common\utils\text\Convert.java
C:\Users\nouha\OneDrive\Desktop\PFE2\mk-teamwork-server\src\main\java\com\projectm\config\MybatisPlusConfig.java
C:\Users\nouha\OneDrive\Desktop\PFE2\mk-teamwork-server\src\main\java\com\projectm\project\mapper\InviteLinkMapper.java
C:\Users\nouha\OneDrive\Desktop\PFE2\mk-teamwork-server\src\main\java\com\projectm\project\service\ProjectLogService.java
C:\Users\nouha\OneDrive\Desktop\PFE2\mk-teamwork-server\src\main\java\com\framework\common\utils\text\CharsetKit.java
C:\Users\nouha\OneDrive\Desktop\PFE2\mk-teamwork-server\src\main\java\com\projectm\common\CommUtils.java
C:\Users\nouha\OneDrive\Desktop\PFE2\mk-teamwork-server\src\main\java\com\projectm\system\domain\Notify.java
C:\Users\nouha\OneDrive\Desktop\PFE2\mk-teamwork-server\src\main\java\com\projectm\task\mapper\TaskWorkflowMapper.java
C:\Users\nouha\OneDrive\Desktop\PFE2\mk-teamwork-server\src\main\java\com\projectm\project\service\ProjectMenuService.java
C:\Users\nouha\OneDrive\Desktop\PFE2\mk-teamwork-server\src\main\java\com\framework\common\core\text\StrFormatter.java
C:\Users\nouha\OneDrive\Desktop\PFE2\mk-teamwork-server\src\main\java\com\projectm\login\entity\LoginUser.java
C:\Users\nouha\OneDrive\Desktop\PFE2\mk-teamwork-server\src\main\java\com\projectm\task\domain\File.java
C:\Users\nouha\OneDrive\Desktop\PFE2\mk-teamwork-server\src\main\java\com\framework\common\core\text\Convert.java
C:\Users\nouha\OneDrive\Desktop\PFE2\mk-teamwork-server\src\main\java\com\projectm\config\ServerConfig.java
C:\Users\nouha\OneDrive\Desktop\PFE2\mk-teamwork-server\src\main\java\com\projectm\project\controller\ProjectController.java
C:\Users\nouha\OneDrive\Desktop\PFE2\mk-teamwork-server\src\main\java\com\projectm\task\mapper\TaskLikeMapper.java
C:\Users\nouha\OneDrive\Desktop\PFE2\mk-teamwork-server\src\main\java\com\projectm\project\service\ProjectAuthService.java
C:\Users\nouha\OneDrive\Desktop\PFE2\mk-teamwork-server\src\main\java\com\projectm\project\service\ProjectCollectionService.java
C:\Users\nouha\OneDrive\Desktop\PFE2\mk-teamwork-server\src\main\java\com\projectm\task\service\TaskToTagService.java
C:\Users\nouha\OneDrive\Desktop\PFE2\mk-teamwork-server\src\main\java\com\projectm\project\mapper\ProjectVersionLogMapper.java
C:\Users\nouha\OneDrive\Desktop\PFE2\mk-teamwork-server\src\main\java\com\projectm\task\service\TaskLikeService.java
C:\Users\nouha\OneDrive\Desktop\PFE2\mk-teamwork-server\src\main\java\com\projectm\project\domain\ProjectReport.java
C:\Users\nouha\OneDrive\Desktop\PFE2\mk-teamwork-server\src\main\java\com\projectm\project\service\ProjectAuthNodeService.java
C:\Users\nouha\OneDrive\Desktop\PFE2\mk-teamwork-server\src\main\java\com\framework\common\exception\UtilException.java
C:\Users\nouha\OneDrive\Desktop\PFE2\mk-teamwork-server\src\main\java\com\projectm\task\service\TaskWorkflowService.java
C:\Users\nouha\OneDrive\Desktop\PFE2\mk-teamwork-server\src\main\java\com\projectm\project\mapper\ProjectMenuMapper.java
C:\Users\nouha\OneDrive\Desktop\PFE2\mk-teamwork-server\src\main\java\com\projectm\project\service\ProjectVersionLogService.java
C:\Users\nouha\OneDrive\Desktop\PFE2\mk-teamwork-server\src\main\java\com\projectm\org\service\DepartmentService.java
C:\Users\nouha\OneDrive\Desktop\PFE2\mk-teamwork-server\src\main\java\com\framework\common\utils\Arith.java
C:\Users\nouha\OneDrive\Desktop\PFE2\mk-teamwork-server\src\main\java\com\projectm\common\BeanMapUtils.java
C:\Users\nouha\OneDrive\Desktop\PFE2\mk-teamwork-server\src\main\java\com\projectm\member\service\MemberService.java
C:\Users\nouha\OneDrive\Desktop\PFE2\mk-teamwork-server\src\main\java\com\projectm\project\service\InviteLinkService.java
C:\Users\nouha\OneDrive\Desktop\PFE2\mk-teamwork-server\src\main\java\com\projectm\task\mapper\TaskMemberMapper.java
C:\Users\nouha\OneDrive\Desktop\PFE2\mk-teamwork-server\src\main\java\com\projectm\org\service\DepartmentMemberService.java
C:\Users\nouha\OneDrive\Desktop\PFE2\mk-teamwork-server\src\main\java\com\framework\common\enums\HttpMethod.java
C:\Users\nouha\OneDrive\Desktop\PFE2\mk-teamwork-server\src\main\java\com\framework\common\exception\file\FileNameLengthLimitExceededException.java
C:\Users\nouha\OneDrive\Desktop\PFE2\mk-teamwork-server\src\main\java\com\framework\common\utils\ip\AddressUtils.java
C:\Users\nouha\OneDrive\Desktop\PFE2\mk-teamwork-server\src\main\java\com\projectm\project\controller\CommonController.java
C:\Users\nouha\OneDrive\Desktop\PFE2\mk-teamwork-server\src\main\java\com\projectm\org\domain\DepartmentMember.java
C:\Users\nouha\OneDrive\Desktop\PFE2\mk-teamwork-server\src\main\java\com\framework\common\utils\spring\SpringUtils.java
C:\Users\nouha\OneDrive\Desktop\PFE2\mk-teamwork-server\src\main\java\com\framework\common\utils\Threads.java
C:\Users\nouha\OneDrive\Desktop\PFE2\mk-teamwork-server\src\main\java\com\projectm\common\IOUtils.java
C:\Users\nouha\OneDrive\Desktop\PFE2\mk-teamwork-server\src\main\java\com\framework\common\utils\AesEncryptUtil.java
C:\Users\nouha\OneDrive\Desktop\PFE2\mk-teamwork-server\src\main\java\com\projectm\project\domain\SourceLink.java
C:\Users\nouha\OneDrive\Desktop\PFE2\mk-teamwork-server\src\main\java\com\projectm\org\domain\Organization.java
C:\Users\nouha\OneDrive\Desktop\PFE2\mk-teamwork-server\src\main\java\com\projectm\APPLauncher.java
C:\Users\nouha\OneDrive\Desktop\PFE2\mk-teamwork-server\src\main\java\com\framework\common\exception\GlobalExceptionHandler.java
C:\Users\nouha\OneDrive\Desktop\PFE2\mk-teamwork-server\src\main\java\com\projectm\common\CharsetKit.java
C:\Users\nouha\OneDrive\Desktop\PFE2\mk-teamwork-server\src\main\java\com\projectm\project\domain\ProjectVersionLog.java
C:\Users\nouha\OneDrive\Desktop\PFE2\mk-teamwork-server\src\main\java\com\framework\common\AjaxResult.java
C:\Users\nouha\OneDrive\Desktop\PFE2\mk-teamwork-server\src\main\java\com\framework\common\utils\security\Md5Utils.java
C:\Users\nouha\OneDrive\Desktop\PFE2\mk-teamwork-server\src\main\java\com\projectm\system\domain\SystemConfig.java
C:\Users\nouha\OneDrive\Desktop\PFE2\mk-teamwork-server\src\main\java\com\framework\common\exception\file\FileException.java
C:\Users\nouha\OneDrive\Desktop\PFE2\mk-teamwork-server\src\main\java\com\projectm\common\StrFormatter.java
C:\Users\nouha\OneDrive\Desktop\PFE2\mk-teamwork-server\src\main\java\com\framework\common\exception\DemoModeException.java
C:\Users\nouha\OneDrive\Desktop\PFE2\mk-teamwork-server\src\main\java\com\projectm\config\CorsFilter.java
C:\Users\nouha\OneDrive\Desktop\PFE2\mk-teamwork-server\src\main\java\com\projectm\project\mapper\CollectionMapper.java
C:\Users\nouha\OneDrive\Desktop\PFE2\mk-teamwork-server\src\main\java\com\projectm\task\domain\TaskTag.java
C:\Users\nouha\OneDrive\Desktop\PFE2\mk-teamwork-server\src\main\java\com\framework\common\utils\text\StrFormatter.java
C:\Users\nouha\OneDrive\Desktop\PFE2\mk-teamwork-server\src\main\java\com\framework\security\util\UserUtil.java
C:\Users\nouha\OneDrive\Desktop\PFE2\mk-teamwork-server\src\main\java\com\projectm\task\mapper\TaskToTagMapper.java
C:\Users\nouha\OneDrive\Desktop\PFE2\mk-teamwork-server\src\main\java\com\projectm\common\NodeUtils.java
C:\Users\nouha\OneDrive\Desktop\PFE2\mk-teamwork-server\src\main\java\com\projectm\task\mapper\FileMapper.java
C:\Users\nouha\OneDrive\Desktop\PFE2\mk-teamwork-server\src\main\java\com\projectm\task\service\FileService.java
C:\Users\nouha\OneDrive\Desktop\PFE2\mk-teamwork-server\src\main\java\com\framework\common\utils\file\FileUtils.java
C:\Users\nouha\OneDrive\Desktop\PFE2\mk-teamwork-server\src\main\java\com\projectm\project\domain\ProjectAuth.java
C:\Users\nouha\OneDrive\Desktop\PFE2\mk-teamwork-server\src\main\java\com\projectm\system\controller\NotifyController.java
C:\Users\nouha\OneDrive\Desktop\PFE2\mk-teamwork-server\src\main\java\com\projectm\login\controller\LoginController.java
C:\Users\nouha\OneDrive\Desktop\PFE2\mk-teamwork-server\src\main\java\com\framework\common\exception\user\UserException.java
C:\Users\nouha\OneDrive\Desktop\PFE2\mk-teamwork-server\src\main\java\com\framework\common\utils\html\EscapeUtil.java
C:\Users\nouha\OneDrive\Desktop\PFE2\mk-teamwork-server\src\main\java\com\projectm\project\service\ProjectReportService.java
C:\Users\nouha\OneDrive\Desktop\PFE2\mk-teamwork-server\src\main\java\com\framework\common\utils\reflect\ReflectUtils.java
C:\Users\nouha\OneDrive\Desktop\PFE2\mk-teamwork-server\src\main\java\com\projectm\task\service\TaskWorkflowRuleServiceImpl.java
C:\Users\nouha\OneDrive\Desktop\PFE2\mk-teamwork-server\src\main\java\com\projectm\task\mapper\TaskTagMapper.java
C:\Users\nouha\OneDrive\Desktop\PFE2\mk-teamwork-server\src\main\java\com\projectm\member\mapper\MemberMapper.java
C:\Users\nouha\OneDrive\Desktop\PFE2\mk-teamwork-server\src\main\java\com\projectm\project\controller\NodeController.java
C:\Users\nouha\OneDrive\Desktop\PFE2\mk-teamwork-server\src\main\java\com\projectm\project\mapper\ProjectInfoMapper.java
C:\Users\nouha\OneDrive\Desktop\PFE2\mk-teamwork-server\src\main\java\com\projectm\system\service\SystemConfigService.java
C:\Users\nouha\OneDrive\Desktop\PFE2\mk-teamwork-server\src\main\java\com\framework\security\handler\MyLogoutSuccessHandler.java
C:\Users\nouha\OneDrive\Desktop\PFE2\mk-teamwork-server\src\main\java\com\projectm\common\Constant.java
C:\Users\nouha\OneDrive\Desktop\PFE2\mk-teamwork-server\src\main\java\com\framework\common\exception\user\UserPasswordNotMatchException.java
C:\Users\nouha\OneDrive\Desktop\PFE2\mk-teamwork-server\src\main\java\com\projectm\org\mapper\DepartmentMemberMapper.java
C:\Users\nouha\OneDrive\Desktop\PFE2\mk-teamwork-server\src\main\java\com\framework\security\util\TokenUtil.java
C:\Users\nouha\OneDrive\Desktop\PFE2\mk-teamwork-server\src\main\java\com\projectm\project\controller\AuthorityControoler.java
C:\Users\nouha\OneDrive\Desktop\PFE2\mk-teamwork-server\src\main\java\com\projectm\vo\MemberVo.java
C:\Users\nouha\OneDrive\Desktop\PFE2\mk-teamwork-server\src\main\java\com\projectm\project\domain\ProjectTemplate.java
C:\Users\nouha\OneDrive\Desktop\PFE2\mk-teamwork-server\src\main\java\com\framework\utils\PinYinUtil.java
C:\Users\nouha\OneDrive\Desktop\PFE2\mk-teamwork-server\src\main\java\com\projectm\APPServletInitializer.java
C:\Users\nouha\OneDrive\Desktop\PFE2\mk-teamwork-server\src\main\java\com\projectm\task\controller\TaskController.java
C:\Users\nouha\OneDrive\Desktop\PFE2\mk-teamwork-server\src\main\java\com\projectm\org\mapper\OrgMapper.java
C:\Users\nouha\OneDrive\Desktop\PFE2\mk-teamwork-server\src\main\java\com\projectm\project\service\SourceLinkService.java
C:\Users\nouha\OneDrive\Desktop\PFE2\mk-teamwork-server\src\main\java\com\projectm\project\controller\ProjectAssistController.java
C:\Users\nouha\OneDrive\Desktop\PFE2\mk-teamwork-server\src\main\java\com\projectm\project\domain\ProjectFeatures.java
C:\Users\nouha\OneDrive\Desktop\PFE2\mk-teamwork-server\src\main\java\com\projectm\project\mapper\ProjectVersionMapper.java
C:\Users\nouha\OneDrive\Desktop\PFE2\mk-teamwork-server\src\main\java\com\projectm\member\domain\MemberAccount.java
C:\Users\nouha\OneDrive\Desktop\PFE2\mk-teamwork-server\src\main\java\com\projectm\project\domain\ProjectCollection.java
C:\Users\nouha\OneDrive\Desktop\PFE2\mk-teamwork-server\src\main\java\com\projectm\config\WebSocketServer.java
C:\Users\nouha\OneDrive\Desktop\PFE2\mk-teamwork-server\src\main\java\com\framework\common\core\lang\UUID.java
C:\Users\nouha\OneDrive\Desktop\PFE2\mk-teamwork-server\src\main\java\com\framework\common\exception\file\FileSizeLimitExceededException.java
C:\Users\nouha\OneDrive\Desktop\PFE2\mk-teamwork-server\src\main\java\com\framework\utils\StringUtils.java
C:\Users\nouha\OneDrive\Desktop\PFE2\mk-teamwork-server\src\main\java\com\framework\common\enums\UserStatus.java
C:\Users\nouha\OneDrive\Desktop\PFE2\mk-teamwork-server\src\main\java\com\projectm\project\service\CollectionService.java
C:\Users\nouha\OneDrive\Desktop\PFE2\mk-teamwork-server\src\main\java\com\projectm\common\MenuUtils.java
C:\Users\nouha\OneDrive\Desktop\PFE2\mk-teamwork-server\src\main\java\com\framework\common\utils\LogUtils.java
C:\Users\nouha\OneDrive\Desktop\PFE2\mk-teamwork-server\src\main\java\com\projectm\project\mapper\ProjectAuthNodeMapper.java
C:\Users\nouha\OneDrive\Desktop\PFE2\mk-teamwork-server\src\main\java\com\projectm\config\MProjectConfig.java
C:\Users\nouha\OneDrive\Desktop\PFE2\mk-teamwork-server\src\main\java\com\projectm\system\service\NotifyService.java
C:\Users\nouha\OneDrive\Desktop\PFE2\mk-teamwork-server\src\main\java\com\framework\security\util\RedisCache.java
C:\Users\nouha\OneDrive\Desktop\PFE2\mk-teamwork-server\src\main\java\com\framework\utils\StrFormatter.java
C:\Users\nouha\OneDrive\Desktop\PFE2\mk-teamwork-server\src\main\java\com\projectm\task\service\TaskTagService.java
C:\Users\nouha\OneDrive\Desktop\PFE2\mk-teamwork-server\src\main\java\com\projectm\project\mapper\ProjectAuthMapper.java
C:\Users\nouha\OneDrive\Desktop\PFE2\mk-teamwork-server\src\main\java\com\projectm\org\mapper\OrganizationMapper.java
C:\Users\nouha\OneDrive\Desktop\PFE2\mk-teamwork-server\src\main\java\com\projectm\project\mapper\SourceLinkMapper.java
C:\Users\nouha\OneDrive\Desktop\PFE2\mk-teamwork-server\src\main\java\com\projectm\member\service\ProjectMemberService.java
C:\Users\nouha\OneDrive\Desktop\PFE2\mk-teamwork-server\src\main\java\com\framework\common\exception\user\CaptchaException.java
C:\Users\nouha\OneDrive\Desktop\PFE2\mk-teamwork-server\src\main\java\com\framework\common\utils\http\HttpUtils.java
C:\Users\nouha\OneDrive\Desktop\PFE2\mk-teamwork-server\src\main\java\com\projectm\task\domain\TaskStagesTemplete.java
C:\Users\nouha\OneDrive\Desktop\PFE2\mk-teamwork-server\src\main\java\com\framework\security\config\SpringFoxConfig.java
C:\Users\nouha\OneDrive\Desktop\PFE2\mk-teamwork-server\src\main\java\com\framework\common\utils\ServletUtils.java
C:\Users\nouha\OneDrive\Desktop\PFE2\mk-teamwork-server\src\main\java\com\projectm\org\service\OrgService.java
C:\Users\nouha\OneDrive\Desktop\PFE2\mk-teamwork-server\src\main\java\com\projectm\web\BaseController.java
C:\Users\nouha\OneDrive\Desktop\PFE2\mk-teamwork-server\src\main\java\com\projectm\project\mapper\ProjectTemplateMapper.java
C:\Users\nouha\OneDrive\Desktop\PFE2\mk-teamwork-server\src\main\java\com\projectm\task\controller\TaskFileController.java
C:\Users\nouha\OneDrive\Desktop\PFE2\mk-teamwork-server\src\main\java\com\projectm\task\service\TaskStagesTempleteService.java
C:\Users\nouha\OneDrive\Desktop\PFE2\mk-teamwork-server\src\main\java\com\framework\security\JwtUserServiceImpl.java
C:\Users\nouha\OneDrive\Desktop\PFE2\mk-teamwork-server\src\main\java\com\projectm\common\ListUtils.java
C:\Users\nouha\OneDrive\Desktop\PFE2\mk-teamwork-server\src\main\java\com\projectm\member\domain\ProjectMember.java
C:\Users\nouha\OneDrive\Desktop\PFE2\mk-teamwork-server\src\main\java\com\framework\security\config\WebSecurityConfig.java
C:\Users\nouha\OneDrive\Desktop\PFE2\mk-teamwork-server\src\main\java\com\framework\security\config\RedisConfig.java
C:\Users\nouha\OneDrive\Desktop\PFE2\mk-teamwork-server\src\main\java\com\projectm\project\mapper\ProjectReportMapper.java
C:\Users\nouha\OneDrive\Desktop\PFE2\mk-teamwork-server\src\main\java\com\projectm\project\domain\Collection.java
C:\Users\nouha\OneDrive\Desktop\PFE2\mk-teamwork-server\src\main\java\com\projectm\member\mapper\ProjectMemberMapper.java
C:\Users\nouha\OneDrive\Desktop\PFE2\mk-teamwork-server\src\main\java\com\projectm\org\mapper\DepartmentMapper.java
C:\Users\nouha\OneDrive\Desktop\PFE2\mk-teamwork-server\src\main\java\com\projectm\task\domain\Task.java
C:\Users\nouha\OneDrive\Desktop\PFE2\mk-teamwork-server\src\main\java\com\projectm\config\WebConfig.java
C:\Users\nouha\OneDrive\Desktop\PFE2\mk-teamwork-server\src\main\java\com\framework\common\utils\sign\Base64.java
C:\Users\nouha\OneDrive\Desktop\PFE2\mk-teamwork-server\src\main\java\com\framework\common\utils\MessageUtils.java
C:\Users\nouha\OneDrive\Desktop\PFE2\mk-teamwork-server\src\main\java\com\projectm\project\mapper\ProjectLogMapper.java
C:\Users\nouha\OneDrive\Desktop\PFE2\mk-teamwork-server\src\main\java\com\framework\common\ResultCode.java
C:\Users\nouha\OneDrive\Desktop\PFE2\mk-teamwork-server\src\main\java\com\projectm\project\mapper\ProjectFeaturesMapper.java
C:\Users\nouha\OneDrive\Desktop\PFE2\mk-teamwork-server\src\main\java\com\projectm\org\service\OrganizationService.java
C:\Users\nouha\OneDrive\Desktop\PFE2\mk-teamwork-server\src\main\java\com\projectm\project\domain\ProjectNode.java
C:\Users\nouha\OneDrive\Desktop\PFE2\mk-teamwork-server\src\main\java\com\projectm\project\service\ProjectInfoService.java
C:\Users\nouha\OneDrive\Desktop\PFE2\mk-teamwork-server\src\main\java\com\projectm\login\service\LoginService.java
C:\Users\nouha\OneDrive\Desktop\PFE2\mk-teamwork-server\src\main\java\com\projectm\member\service\MemberAccountService.java
C:\Users\nouha\OneDrive\Desktop\PFE2\mk-teamwork-server\src\main\java\com\projectm\task\domain\TaskLike.java
C:\Users\nouha\OneDrive\Desktop\PFE2\mk-teamwork-server\src\main\java\com\projectm\config\WebSocketConfig.java
C:\Users\nouha\OneDrive\Desktop\PFE2\mk-teamwork-server\src\main\java\com\projectm\project\service\ProjectVersionService.java
C:\Users\nouha\OneDrive\Desktop\PFE2\mk-teamwork-server\src\main\java\com\framework\common\utils\StringUtils.java
C:\Users\nouha\OneDrive\Desktop\PFE2\mk-teamwork-server\src\main\java\com\projectm\project\domain\Project.java
C:\Users\nouha\OneDrive\Desktop\PFE2\mk-teamwork-server\src\main\java\com\projectm\project\service\ProjectService.java
C:\Users\nouha\OneDrive\Desktop\PFE2\mk-teamwork-server\src\main\java\com\framework\common\utils\DateUtils.java
C:\Users\nouha\OneDrive\Desktop\PFE2\mk-teamwork-server\src\main\java\com\framework\common\utils\file\MimeTypeUtils.java
C:\Users\nouha\OneDrive\Desktop\PFE2\mk-teamwork-server\src\main\java\com\projectm\project\domain\ProjectMenu.java
C:\Users\nouha\OneDrive\Desktop\PFE2\mk-teamwork-server\src\main\java\com\framework\security\handler\MyAccessDecisionManager.java
C:\Users\nouha\OneDrive\Desktop\PFE2\mk-teamwork-server\src\main\java\com\framework\common\exception\file\InvalidExtensionException.java
C:\Users\nouha\OneDrive\Desktop\PFE2\mk-teamwork-server\src\main\java\com\projectm\common\DateUtil.java
C:\Users\nouha\OneDrive\Desktop\PFE2\mk-teamwork-server\src\main\java\com\projectm\task\mapper\TaskStagesTempleteMapper.java
C:\Users\nouha\OneDrive\Desktop\PFE2\mk-teamwork-server\src\main\java\com\framework\utils\FileUtils.java
C:\Users\nouha\OneDrive\Desktop\PFE2\mk-teamwork-server\src\main\java\com\framework\common\ResultJson.java
C:\Users\nouha\OneDrive\Desktop\PFE2\mk-teamwork-server\src\main\java\com\projectm\domain\BaseDomain.java
C:\Users\nouha\OneDrive\Desktop\PFE2\mk-teamwork-server\src\main\java\com\projectm\task\domain\TaskStage.java
C:\Users\nouha\OneDrive\Desktop\PFE2\mk-teamwork-server\src\main\java\com\projectm\org\controller\OrgController.java
C:\Users\nouha\OneDrive\Desktop\PFE2\mk-teamwork-server\src\main\java\com\framework\common\constant\Constants.java
C:\Users\nouha\OneDrive\Desktop\PFE2\mk-teamwork-server\src\main\java\com\framework\common\utils\html\HTMLFilter.java
C:\Users\nouha\OneDrive\Desktop\PFE2\mk-teamwork-server\src\main\java\com\projectm\task\domain\TaskWorkflow.java
C:\Users\nouha\OneDrive\Desktop\PFE2\mk-teamwork-server\src\main\java\com\framework\common\exception\user\CaptchaExpireException.java
C:\Users\nouha\OneDrive\Desktop\PFE2\mk-teamwork-server\src\main\java\com\projectm\project\service\ProjectTemplateService.java
C:\Users\nouha\OneDrive\Desktop\PFE2\mk-teamwork-server\src\main\java\com\projectm\project\mapper\ProjectNodeMapper.java
C:\Users\nouha\OneDrive\Desktop\PFE2\mk-teamwork-server\src\main\java\com\framework\common\utils\sql\SqlUtil.java
C:\Users\nouha\OneDrive\Desktop\PFE2\mk-teamwork-server\src\main\java\com\projectm\project\service\ProjectNodeService.java
C:\Users\nouha\OneDrive\Desktop\PFE2\mk-teamwork-server\src\main\java\com\projectm\task\domain\TaskToTag.java
C:\Users\nouha\OneDrive\Desktop\PFE2\mk-teamwork-server\src\main\java\com\projectm\task\service\TaskMemberService.java
C:\Users\nouha\OneDrive\Desktop\PFE2\mk-teamwork-server\src\main\java\com\projectm\project\mapper\ProjectCollectionMapper.java
C:\Users\nouha\OneDrive\Desktop\PFE2\mk-teamwork-server\src\main\java\com\projectm\common\Convert.java
C:\Users\nouha\OneDrive\Desktop\PFE2\mk-teamwork-server\src\main\java\com\projectm\member\domain\Member.java
C:\Users\nouha\OneDrive\Desktop\PFE2\mk-teamwork-server\src\main\java\com\projectm\task\mapper\TaskMapper.java
C:\Users\nouha\OneDrive\Desktop\PFE2\mk-teamwork-server\src\main\java\com\projectm\task\service\TaskStageService.java
C:\Users\nouha\OneDrive\Desktop\PFE2\mk-teamwork-server\src\main\java\com\projectm\member\controller\MemberController.java
C:\Users\nouha\OneDrive\Desktop\PFE2\mk-teamwork-server\src\main\java\com\framework\common\xss\XssHttpServletRequestWrapper.java
C:\Users\nouha\OneDrive\Desktop\PFE2\mk-teamwork-server\src\main\java\com\framework\common\constant\HttpStatus.java
C:\Users\nouha\OneDrive\Desktop\PFE2\mk-teamwork-server\src\main\java\com\projectm\web\IndexController.java
C:\Users\nouha\OneDrive\Desktop\PFE2\mk-teamwork-server\src\main\java\com\projectm\member\mapper\MemberAccountMapper.java
C:\Users\nouha\OneDrive\Desktop\PFE2\mk-teamwork-server\src\main\java\com\projectm\task\domain\TaskWorkTime.java
C:\Users\nouha\OneDrive\Desktop\PFE2\mk-teamwork-server\src\main\java\com\framework\security\handler\JwtAuthenticationEntryPoint.java
C:\Users\nouha\OneDrive\Desktop\PFE2\mk-teamwork-server\src\main\java\com\projectm\config\UploadFilePathConfig.java
C:\Users\nouha\OneDrive\Desktop\PFE2\mk-teamwork-server\src\main\java\com\framework\common\xss\XssFilter.java
C:\Users\nouha\OneDrive\Desktop\PFE2\mk-teamwork-server\src\main\java\com\projectm\system\mapper\NotifyMapper.java
C:\Users\nouha\OneDrive\Desktop\PFE2\mk-teamwork-server\src\main\java\com\projectm\task\service\TaskWorkTimeService.java
C:\Users\nouha\OneDrive\Desktop\PFE2\mk-teamwork-server\src\main\java\com\projectm\project\domain\ProjectInfo.java
C:\Users\nouha\OneDrive\Desktop\PFE2\mk-teamwork-server\src\main\java\com\projectm\project\domain\ProjectVersion.java
C:\Users\nouha\OneDrive\Desktop\PFE2\mk-teamwork-server\src\main\java\com\projectm\common\DateUtils.java
C:\Users\nouha\OneDrive\Desktop\PFE2\mk-teamwork-server\src\main\java\com\framework\common\exception\CustomException.java
C:\Users\nouha\OneDrive\Desktop\PFE2\mk-teamwork-server\src\main\java\com\framework\utils\Convert.java
C:\Users\nouha\OneDrive\Desktop\PFE2\mk-teamwork-server\src\main\java\com\framework\security\handler\JwtAuthorizationFilter.java
C:\Users\nouha\OneDrive\Desktop\PFE2\mk-teamwork-server\src\main\java\com\framework\common\utils\VerifyCodeUtils.java
C:\Users\nouha\OneDrive\Desktop\PFE2\mk-teamwork-server\src\main\java\com\projectm\mapper\CommMapper.java
C:\Users\nouha\OneDrive\Desktop\PFE2\mk-teamwork-server\src\main\java\com\projectm\project\domain\InviteLink.java
C:\Users\nouha\OneDrive\Desktop\PFE2\mk-teamwork-server\src\main\java\com\projectm\system\mapper\SystemConfigMapper.java
C:\Users\nouha\OneDrive\Desktop\PFE2\mk-teamwork-server\src\main\java\com\projectm\task\service\ScheduleTask.java
C:\Users\nouha\OneDrive\Desktop\PFE2\mk-teamwork-server\src\main\java\com\projectm\task\service\TaskService.java
C:\Users\nouha\OneDrive\Desktop\PFE2\mk-teamwork-server\src\main\java\com\framework\utils\CharsetKit.java
C:\Users\nouha\OneDrive\Desktop\PFE2\mk-teamwork-server\src\main\java\com\projectm\task\mapper\TaskStageMapper.java
C:\Users\nouha\OneDrive\Desktop\PFE2\mk-teamwork-server\src\main\java\com\framework\common\core\text\CharsetKit.java
C:\Users\nouha\OneDrive\Desktop\PFE2\mk-teamwork-server\src\main\java\com\framework\common\utils\ip\IpUtils.java
C:\Users\nouha\OneDrive\Desktop\PFE2\mk-teamwork-server\src\main\java\com\projectm\task\mapper\TaskWorkflowRuleMapper.java
